2026-08-29 05:18:44.550: [INFO] CurrentProfilePath: C:\Users\ASUS\OneDrive\Desktop\mavenproject\hibernate\employeeManagementSystems\.metadata\.plugins\org.eclipse.swt\EBWebView\Default
2026-08-29 05:18:44.550: [INFO] Profiles total count: 1
2026-08-29 05:18:44.550: [INFO] Profile: name=Profile 1 path=C:\Users\ASUS\OneDrive\Desktop\mavenproject\hibernate\employeeManagementSystems\.metadata\.plugins\org.eclipse.swt\EBWebView\Default lastActive=null
2026-08-29 05:18:44.550: [INFO] LastUsedProfileDir: C:\Users\ASUS\OneDrive\Desktop\mavenproject\hibernate\employeeManagementSystems\.metadata\.plugins\org.eclipse.swt\EBWebView\Default
2026-08-29 05:18:44.550: [INFO] OnDoneLoading sync enabled: 0
2026-08-29 05:18:44.550: [INFO] BookmarkModelLoaded, ids_reassigned: 0
2026-08-29 05:18:44.550: [INFO] BookmarksLoadDropped droppedNodes=0
2026-08-29 05:18:44.550: [INFO] BookmarksSnapshot Startup total=0 bar=0 other=0 mobile=0 showBar=0 showBarNTP=1
2026-08-29 05:24:19.336: [INFO] BookmarksSnapshot Shutdown total=0 bar=0 other=0 mobile=0 showBar=0 showBarNTP=1
2026-08-29 08:13:59.047: [INFO] CurrentProfilePath: C:\Users\ASUS\OneDrive\Desktop\mavenproject\hibernate\employeeManagementSystems\.metadata\.plugins\org.eclipse.swt\EBWebView\Default
2026-08-29 08:13:59.047: [INFO] Profiles total count: 1
2026-08-29 08:13:59.047: [INFO] Profile: name=Profile 1 path=C:\Users\ASUS\OneDrive\Desktop\mavenproject\hibernate\employeeManagementSystems\.metadata\.plugins\org.eclipse.swt\EBWebView\Default lastActive=2026-08-29T05:24:13.773Z
2026-08-29 08:13:59.047: [INFO] LastUsedProfileDir: C:\Users\ASUS\OneDrive\Desktop\mavenproject\hibernate\employeeManagementSystems\.metadata\.plugins\org.eclipse.swt\EBWebView\Default
2026-08-29 08:13:59.047: [INFO] MostRecentlyActiveProfile: name=Profile 1 path=C:\Users\ASUS\OneDrive\Desktop\mavenproject\hibernate\employeeManagementSystems\.metadata\.plugins\org.eclipse.swt\EBWebView\Default lastActive=2026-08-29T05:24:13.773Z
2026-08-29 08:13:59.047: [INFO] OnDoneLoading sync enabled: 0
2026-08-29 08:13:59.047: [INFO] BookmarkModelLoaded, ids_reassigned: 0
2026-08-29 08:13:59.047: [INFO] BookmarksLoadDropped droppedNodes=0
2026-08-29 08:13:59.047: [INFO] BookmarksSnapshot Startup total=0 bar=0 other=0 mobile=0 showBar=0 showBarNTP=1
2026-08-29 08:17:33.102: [INFO] BookmarksSnapshot Shutdown total=0 bar=0 other=0 mobile=0 showBar=0 showBarNTP=1
2026-08-29 08:17:41.154: [INFO] CurrentProfilePath: C:\Users\ASUS\OneDrive\Desktop\mavenproject\hibernate\employeeManagementSystems\.metadata\.plugins\org.eclipse.swt\EBWebView\Default
2026-08-29 08:17:41.154: [INFO] Profiles total count: 1
2026-08-29 08:17:41.155: [INFO] Profile: name=Profile 1 path=C:\Users\ASUS\OneDrive\Desktop\mavenproject\hibernate\employeeManagementSystems\.metadata\.plugins\org.eclipse.swt\EBWebView\Default lastActive=2026-08-29T05:24:13.773Z
2026-08-29 08:17:41.155: [INFO] LastUsedProfileDir: C:\Users\ASUS\OneDrive\Desktop\mavenproject\hibernate\employeeManagementSystems\.metadata\.plugins\org.eclipse.swt\EBWebView\Default
2026-08-29 08:17:41.155: [INFO] MostRecentlyActiveProfile: name=Profile 1 path=C:\Users\ASUS\OneDrive\Desktop\mavenproject\hibernate\employeeManagementSystems\.metadata\.plugins\org.eclipse.swt\EBWebView\Default lastActive=2026-08-29T05:24:13.773Z
2026-08-29 08:17:41.155: [INFO] OnDoneLoading sync enabled: 0
2026-08-29 08:17:41.155: [INFO] BookmarkModelLoaded, ids_reassigned: 0
2026-08-29 08:17:41.155: [INFO] BookmarksLoadDropped droppedNodes=0
2026-08-29 08:17:41.155: [INFO] BookmarksSnapshot Startup total=0 bar=0 other=0 mobile=0 showBar=0 showBarNTP=1
2026-08-29 08:17:52.934: [INFO] BookmarksSnapshot Shutdown total=0 bar=0 other=0 mobile=0 showBar=0 showBarNTP=1
2026-08-29 08:18:00.514: [INFO] CurrentProfilePath: C:\Users\ASUS\OneDrive\Desktop\mavenproject\hibernate\employeeManagementSystems\.metadata\.plugins\org.eclipse.swt\EBWebView\Default
2026-08-29 08:18:00.514: [INFO] Profiles total count: 1
2026-08-29 08:18:00.514: [INFO] Profile: name=Profile 1 path=C:\Users\ASUS\OneDrive\Desktop\mavenproject\hibernate\employeeManagementSystems\.metadata\.plugins\org.eclipse.swt\EBWebView\Default lastActive=2026-08-29T05:24:13.773Z
2026-08-29 08:18:00.514: [INFO] LastUsedProfileDir: C:\Users\ASUS\OneDrive\Desktop\mavenproject\hibernate\employeeManagementSystems\.metadata\.plugins\org.eclipse.swt\EBWebView\Default
2026-08-29 08:18:00.514: [INFO] MostRecentlyActiveProfile: name=Profile 1 path=C:\Users\ASUS\OneDrive\Desktop\mavenproject\hibernate\employeeManagementSystems\.metadata\.plugins\org.eclipse.swt\EBWebView\Default lastActive=2026-08-29T05:24:13.773Z
2026-08-29 08:18:00.514: [INFO] OnDoneLoading sync enabled: 0
2026-08-29 08:18:00.514: [INFO] BookmarkModelLoaded, ids_reassigned: 0
2026-08-29 08:18:00.514: [INFO] BookmarksLoadDropped droppedNodes=0
2026-08-29 08:18:00.514: [INFO] BookmarksSnapshot Startup total=0 bar=0 other=0 mobile=0 showBar=0 showBarNTP=1
2026-08-29 08:18:06.445: [INFO] BookmarksSnapshot Shutdown total=0 bar=0 other=0 mobile=0 showBar=0 showBarNTP=1
2026-08-29 08:20:15.320: [INFO] CurrentProfilePath: C:\Users\ASUS\OneDrive\Desktop\mavenproject\hibernate\employeeManagementSystems\.metadata\.plugins\org.eclipse.swt\EBWebView\Default
2026-08-29 08:20:15.320: [INFO] Profiles total count: 1
2026-08-29 08:20:15.320: [INFO] Profile: name=Profile 1 path=C:\Users\ASUS\OneDrive\Desktop\mavenproject\hibernate\employeeManagementSystems\.metadata\.plugins\org.eclipse.swt\EBWebView\Default lastActive=2026-08-29T05:24:13.773Z
2026-08-29 08:20:15.320: [INFO] LastUsedProfileDir: C:\Users\ASUS\OneDrive\Desktop\mavenproject\hibernate\employeeManagementSystems\.metadata\.plugins\org.eclipse.swt\EBWebView\Default
2026-08-29 08:20:15.320: [INFO] MostRecentlyActiveProfile: name=Profile 1 path=C:\Users\ASUS\OneDrive\Desktop\mavenproject\hibernate\employeeManagementSystems\.metadata\.plugins\org.eclipse.swt\EBWebView\Default lastActive=2026-08-29T05:24:13.773Z
2026-08-29 08:20:15.320: [INFO] OnDoneLoading sync enabled: 0
2026-08-29 08:20:15.320: [INFO] BookmarkModelLoaded, ids_reassigned: 0
2026-08-29 08:20:15.320: [INFO] BookmarksLoadDropped droppedNodes=0
2026-08-29 08:20:15.320: [INFO] BookmarksSnapshot Startup total=0 bar=0 other=0 mobile=0 showBar=0 showBarNTP=1
2026-08-29 08:22:01.930: [INFO] BookmarksSnapshot Shutdown total=0 bar=0 other=0 mobile=0 showBar=0 showBarNTP=1
2026-08-29 08:28:07.355: [INFO] CurrentProfilePath: C:\Users\ASUS\OneDrive\Desktop\mavenproject\hibernate\employeeManagementSystems\.metadata\.plugins\org.eclipse.swt\EBWebView\Default
2026-08-29 08:28:07.355: [INFO] Profiles total count: 1
2026-08-29 08:28:07.355: [INFO] Profile: name=Profile 1 path=C:\Users\ASUS\OneDrive\Desktop\mavenproject\hibernate\employeeManagementSystems\.metadata\.plugins\org.eclipse.swt\EBWebView\Default lastActive=2026-08-29T05:24:13.773Z
2026-08-29 08:28:07.355: [INFO] LastUsedProfileDir: C:\Users\ASUS\OneDrive\Desktop\mavenproject\hibernate\employeeManagementSystems\.metadata\.plugins\org.eclipse.swt\EBWebView\Default
2026-08-29 08:28:07.355: [INFO] MostRecentlyActiveProfile: name=Profile 1 path=C:\Users\ASUS\OneDrive\Desktop\mavenproject\hibernate\employeeManagementSystems\.metadata\.plugins\org.eclipse.swt\EBWebView\Default lastActive=2026-08-29T05:24:13.773Z
2026-08-29 08:28:07.355: [INFO] OnDoneLoading sync enabled: 0
2026-08-29 08:28:07.355: [INFO] BookmarkModelLoaded, ids_reassigned: 0
2026-08-29 08:28:07.355: [INFO] BookmarksLoadDropped droppedNodes=0
2026-08-29 08:28:07.355: [INFO] BookmarksSnapshot Startup total=0 bar=0 other=0 mobile=0 showBar=0 showBarNTP=1
2026-08-29 18:22:31.613: [INFO] BookmarksSnapshot Shutdown total=0 bar=0 other=0 mobile=0 showBar=0 showBarNTP=1
2026-08-30 01:54:08.083: [INFO] CurrentProfilePath: C:\Users\ASUS\OneDrive\Desktop\mavenproject\hibernate\employeeManagementSystems\.metadata\.plugins\org.eclipse.swt\EBWebView\Default
2026-08-30 01:54:08.083: [INFO] Profiles total count: 1
2026-08-30 01:54:08.083: [INFO] Profile: name=Profile 1 path=C:\Users\ASUS\OneDrive\Desktop\mavenproject\hibernate\employeeManagementSystems\.metadata\.plugins\org.eclipse.swt\EBWebView\Default lastActive=2026-08-29T05:24:13.773Z
2026-08-30 01:54:08.083: [INFO] LastUsedProfileDir: C:\Users\ASUS\OneDrive\Desktop\mavenproject\hibernate\employeeManagementSystems\.metadata\.plugins\org.eclipse.swt\EBWebView\Default
2026-08-30 01:54:08.083: [INFO] MostRecentlyActiveProfile: name=Profile 1 path=C:\Users\ASUS\OneDrive\Desktop\mavenproject\hibernate\employeeManagementSystems\.metadata\.plugins\org.eclipse.swt\EBWebView\Default lastActive=2026-08-29T05:24:13.773Z
2026-08-30 01:54:08.083: [INFO] OnDoneLoading sync enabled: 0
2026-08-30 01:54:08.083: [INFO] BookmarkModelLoaded, ids_reassigned: 0
2026-08-30 01:54:08.083: [INFO] BookmarksLoadDropped droppedNodes=0
2026-08-30 01:54:08.083: [INFO] BookmarksSnapshot Startup total=0 bar=0 other=0 mobile=0 showBar=0 showBarNTP=1
2026-08-30 02:58:00.268: [INFO] BookmarksSnapshot Shutdown total=0 bar=0 other=0 mobile=0 showBar=0 showBarNTP=1
2026-08-30 03:10:16.103: [INFO] CurrentProfilePath: C:\Users\ASUS\OneDrive\Desktop\mavenproject\hibernate\employeeManagementSystems\.metadata\.plugins\org.eclipse.swt\EBWebView\Default
2026-08-30 03:10:16.103: [INFO] Profiles total count: 1
2026-08-30 03:10:16.104: [INFO] Profile: name=Profile 1 path=C:\Users\ASUS\OneDrive\Desktop\mavenproject\hibernate\employeeManagementSystems\.metadata\.plugins\org.eclipse.swt\EBWebView\Default lastActive=2026-08-29T05:24:13.773Z
2026-08-30 03:10:16.104: [INFO] LastUsedProfileDir: C:\Users\ASUS\OneDrive\Desktop\mavenproject\hibernate\employeeManagementSystems\.metadata\.plugins\org.eclipse.swt\EBWebView\Default
2026-08-30 03:10:16.104: [INFO] MostRecentlyActiveProfile: name=Profile 1 path=C:\Users\ASUS\OneDrive\Desktop\mavenproject\hibernate\employeeManagementSystems\.metadata\.plugins\org.eclipse.swt\EBWebView\Default lastActive=2026-08-29T05:24:13.773Z
2026-08-30 03:10:16.104: [INFO] OnDoneLoading sync enabled: 0
2026-08-30 03:10:16.104: [INFO] BookmarkModelLoaded, ids_reassigned: 0
2026-08-30 03:10:16.104: [INFO] BookmarksLoadDropped droppedNodes=0
2026-08-30 03:10:16.104: [INFO] BookmarksSnapshot Startup total=0 bar=0 other=0 mobile=0 showBar=0 showBarNTP=1
2026-08-30 03:31:05.219: [INFO] BookmarksSnapshot Shutdown total=0 bar=0 other=0 mobile=0 showBar=0 showBarNTP=1
2026-08-30 03:34:37.360: [INFO] CurrentProfilePath: C:\Users\ASUS\OneDrive\Desktop\mavenproject\hibernate\employeeManagementSystems\.metadata\.plugins\org.eclipse.swt\EBWebView\Default
2026-08-30 03:34:37.360: [INFO] Profiles total count: 1
2026-08-30 03:34:37.361: [INFO] Profile: name=Profile 1 path=C:\Users\ASUS\OneDrive\Desktop\mavenproject\hibernate\employeeManagementSystems\.metadata\.plugins\org.eclipse.swt\EBWebView\Default lastActive=2026-08-29T05:24:13.773Z
2026-08-30 03:34:37.361: [INFO] LastUsedProfileDir: C:\Users\ASUS\OneDrive\Desktop\mavenproject\hibernate\employeeManagementSystems\.metadata\.plugins\org.eclipse.swt\EBWebView\Default
2026-08-30 03:34:37.361: [INFO] MostRecentlyActiveProfile: name=Profile 1 path=C:\Users\ASUS\OneDrive\Desktop\mavenproject\hibernate\employeeManagementSystems\.metadata\.plugins\org.eclipse.swt\EBWebView\Default lastActive=2026-08-29T05:24:13.773Z
2026-08-30 03:34:37.361: [INFO] OnDoneLoading sync enabled: 0
2026-08-30 03:34:37.361: [INFO] BookmarkModelLoaded, ids_reassigned: 0
2026-08-30 03:34:37.361: [INFO] BookmarksLoadDropped droppedNodes=0
2026-08-30 03:34:37.361: [INFO] BookmarksSnapshot Startup total=0 bar=0 other=0 mobile=0 showBar=0 showBarNTP=1
2026-08-30 03:36:43.104: [INFO] BookmarksSnapshot Shutdown total=0 bar=0 other=0 mobile=0 showBar=0 showBarNTP=1
